[0m19:16:58.057622 [debug] [MainThread]: Sending event: {'category': 'dbt', 'action': 'invocation', 'label': 'start', 'context': [<snowplow_tracker.self_describing_json.SelfDescribingJson object at 0x00000211008B8C40>, <snowplow_tracker.self_describing_json.SelfDescribingJson object at 0x0000021102C35210>, <snowplow_tracker.self_describing_json.SelfDescribingJson object at 0x0000021102C35030>]}


============================== 19:16:58.070721 | 63f88f31-4435-4268-8975-6466390527ee ==============================
[0m19:16:58.070721 [info ] [MainThread]: Running with dbt=1.10.11
[0m19:16:58.070721 [debug] [MainThread]: running dbt with arguments {'partial_parse': 'True', 'warn_error_options': 'WarnErrorOptionsV2(error=[], warn=[], silence=[])', 'send_anonymous_usage_stats': 'True', 'warn_error': 'None', 'cache_selected_only': 'False', 'target_path': 'None', 'use_colors': 'True', 'invocation_command': 'dbt debug', 'log_format': 'default', 'version_check': 'True', 'introspect': 'True', 'debug': 'False', 'printer_width': '80', 'fail_fast': 'False', 'no_print': 'None', 'empty': 'None', 'use_experimental_parser': 'False', 'quiet': 'False', 'log_cache_events': 'False', 'indirect_selection': 'eager', 'log_path': 'logs', 'write_json': 'True', 'static_parser': 'True', 'profiles_dir': 'C:\\Users\\LENOVO\\.dbt'}
[0m19:16:58.138985 [info ] [MainThread]: dbt version: 1.10.11
[0m19:16:58.138985 [info ] [MainThread]: python version: 3.10.0
[0m19:16:58.138985 [info ] [MainThread]: python path: C:\Users\LENOVO\AppData\Local\Programs\Python\Python310\python.exe
[0m19:16:58.138985 [info ] [MainThread]: os info: Windows-10-10.0.26100-SP0
[0m19:16:59.659957 [info ] [MainThread]: Using profiles dir at C:\Users\LENOVO\.dbt
[0m19:16:59.659957 [info ] [MainThread]: Using profiles.yml file at C:\Users\LENOVO\.dbt\profiles.yml
[0m19:16:59.666408 [info ] [MainThread]: Using dbt_project.yml file at C:\Users\LENOVO\OneDrive\Desktop\AWS_Projects\zillow-data-pipeline\dbt_project.yml
[0m19:16:59.666408 [error] [MainThread]: Encountered an error:
Internal Error
  Profile should not be None if loading profile completed
[0m19:16:59.670296 [debug] [MainThread]: Command `dbt debug` failed at 19:16:59.670296 after 1.75 seconds
[0m19:16:59.670296 [debug] [MainThread]: Sending event: {'category': 'dbt', 'action': 'invocation', 'label': 'end', 'context': [<snowplow_tracker.self_describing_json.SelfDescribingJson object at 0x00000211008B8C40>, <snowplow_tracker.self_describing_json.SelfDescribingJson object at 0x0000021102BFE7A0>, <snowplow_tracker.self_describing_json.SelfDescribingJson object at 0x0000021102C2ED40>]}
[0m19:16:59.672956 [debug] [MainThread]: Flushing usage events
[0m19:17:00.822968 [debug] [MainThread]: An error was encountered while trying to flush usage events
[0m19:21:39.324560 [debug] [MainThread]: Sending event: {'category': 'dbt', 'action': 'invocation', 'label': 'start', 'context': [<snowplow_tracker.self_describing_json.SelfDescribingJson object at 0x0000027A2FF5CC70>, <snowplow_tracker.self_describing_json.SelfDescribingJson object at 0x0000027A321D9210>, <snowplow_tracker.self_describing_json.SelfDescribingJson object at 0x0000027A321D9030>]}


============================== 19:21:39.324560 | cd439ab1-e423-4a8c-ac40-c8e0982cbda3 ==============================
[0m19:21:39.324560 [info ] [MainThread]: Running with dbt=1.10.11
[0m19:21:39.324560 [debug] [MainThread]: running dbt with arguments {'partial_parse': 'True', 'profiles_dir': 'C:\\Users\\LENOVO\\.dbt', 'send_anonymous_usage_stats': 'True', 'use_colors': 'True', 'cache_selected_only': 'False', 'target_path': 'None', 'warn_error': 'None', 'invocation_command': 'dbt debug', 'log_format': 'default', 'version_check': 'True', 'introspect': 'True', 'debug': 'False', 'log_cache_events': 'False', 'fail_fast': 'False', 'no_print': 'None', 'use_experimental_parser': 'False', 'empty': 'None', 'printer_width': '80', 'quiet': 'False', 'indirect_selection': 'eager', 'log_path': 'C:\\Users\\LENOVO\\OneDrive\\Desktop\\AWS_Projects\\zillow-data-pipeline\\logs', 'write_json': 'True', 'static_parser': 'True', 'warn_error_options': 'WarnErrorOptionsV2(error=[], warn=[], silence=[])'}
[0m19:21:39.378453 [info ] [MainThread]: dbt version: 1.10.11
[0m19:21:39.383404 [info ] [MainThread]: python version: 3.10.0
[0m19:21:39.383404 [info ] [MainThread]: python path: C:\Users\LENOVO\AppData\Local\Programs\Python\Python310\python.exe
[0m19:21:39.383404 [info ] [MainThread]: os info: Windows-10-10.0.26100-SP0
[0m19:21:40.811690 [info ] [MainThread]: Using profiles dir at C:\Users\LENOVO\.dbt
[0m19:21:40.811690 [info ] [MainThread]: Using profiles.yml file at C:\Users\LENOVO\.dbt\profiles.yml
[0m19:21:40.811690 [info ] [MainThread]: Using dbt_project.yml file at C:\Users\LENOVO\OneDrive\Desktop\AWS_Projects\zillow-data-pipeline\dbt_project.yml
[0m19:21:40.811690 [info ] [MainThread]: adapter type: snowflake
[0m19:21:40.811690 [info ] [MainThread]: adapter version: 1.10.2
[0m19:21:40.932470 [info ] [MainThread]: Configuration:
[0m19:21:40.932470 [info ] [MainThread]:   profiles.yml file [[32mOK found and valid[0m]
[0m19:21:40.932470 [info ] [MainThread]:   dbt_project.yml file [[31mERROR invalid[0m]
[0m19:21:40.932470 [info ] [MainThread]: Required dependencies:
[0m19:21:40.932470 [debug] [MainThread]: Executing "git --help"
[0m19:21:41.003303 [debug] [MainThread]: STDOUT: "b"usage: git [-v | --version] [-h | --help] [-C <path>] [-c <name>=<value>]\n           [--exec-path[=<path>]] [--html-path] [--man-path] [--info-path]\n           [-p | --paginate | -P | --no-pager] [--no-replace-objects] [--no-lazy-fetch]\n           [--no-optional-locks] [--no-advice] [--bare] [--git-dir=<path>]\n           [--work-tree=<path>] [--namespace=<name>] [--config-env=<name>=<envvar>]\n           <command> [<args>]\n\nThese are common Git commands used in various situations:\n\nstart a working area (see also: git help tutorial)\n   clone      Clone a repository into a new directory\n   init       Create an empty Git repository or reinitialize an existing one\n\nwork on the current change (see also: git help everyday)\n   add        Add file contents to the index\n   mv         Move or rename a file, a directory, or a symlink\n   restore    Restore working tree files\n   rm         Remove files from the working tree and from the index\n\nexamine the history and state (see also: git help revisions)\n   bisect     Use binary search to find the commit that introduced a bug\n   diff       Show changes between commits, commit and working tree, etc\n   grep       Print lines matching a pattern\n   log        Show commit logs\n   show       Show various types of objects\n   status     Show the working tree status\n\ngrow, mark and tweak your common history\n   backfill   Download missing objects in a partial clone\n   branch     List, create, or delete branches\n   commit     Record changes to the repository\n   merge      Join two or more development histories together\n   rebase     Reapply commits on top of another base tip\n   reset      Reset current HEAD to the specified state\n   switch     Switch branches\n   tag        Create, list, delete or verify a tag object signed with GPG\n\ncollaborate (see also: git help workflows)\n   fetch      Download objects and refs from another repository\n   pull       Fetch from and integrate with another repository or a local branch\n   push       Update remote refs along with associated objects\n\n'git help -a' and 'git help -g' list available subcommands and some\nconcept guides. See 'git help <command>' or 'git help <concept>'\nto read about a specific subcommand or concept.\nSee 'git help git' for an overview of the system.\n""
[0m19:21:41.003303 [debug] [MainThread]: STDERR: "b''"
[0m19:21:41.003303 [info ] [MainThread]:  - git [[32mOK found[0m]

[0m19:21:41.003303 [info ] [MainThread]: Connection:
[0m19:21:41.003303 [info ] [MainThread]:   account: ZXEPCNH-CJ03437
[0m19:21:41.003303 [info ] [MainThread]:   user: NAMRATAJ
[0m19:21:41.003303 [info ] [MainThread]:   database: ZILLOW_DATA
[0m19:21:41.011867 [info ] [MainThread]:   warehouse: COMPUTE_WH
[0m19:21:41.011867 [info ] [MainThread]:   role: ACCOUNTADMIN
[0m19:21:41.011867 [info ] [MainThread]:   schema: CURATED
[0m19:21:41.011867 [info ] [MainThread]:   authenticator: None
[0m19:21:41.011867 [info ] [MainThread]:   oauth_client_id: None
[0m19:21:41.011867 [info ] [MainThread]:   query_tag: None
[0m19:21:41.016889 [info ] [MainThread]:   client_session_keep_alive: False
[0m19:21:41.016889 [info ] [MainThread]:   host: None
[0m19:21:41.016889 [info ] [MainThread]:   port: None
[0m19:21:41.019789 [info ] [MainThread]:   proxy_host: None
[0m19:21:41.019789 [info ] [MainThread]:   proxy_port: None
[0m19:21:41.019789 [info ] [MainThread]:   protocol: None
[0m19:21:41.019789 [info ] [MainThread]:   connect_retries: 1
[0m19:21:41.019789 [info ] [MainThread]:   connect_timeout: None
[0m19:21:41.019789 [info ] [MainThread]:   retry_on_database_errors: False
[0m19:21:41.019789 [info ] [MainThread]:   retry_all: False
[0m19:21:41.019789 [info ] [MainThread]:   insecure_mode: False
[0m19:21:41.019789 [info ] [MainThread]:   reuse_connections: True
[0m19:21:41.027734 [info ] [MainThread]:   s3_stage_vpce_dns_name: None
[0m19:21:41.029018 [info ] [MainThread]: Registered adapter: snowflake=1.10.2
[0m19:21:42.258345 [debug] [MainThread]: Acquiring new snowflake connection 'debug'
[0m19:21:47.279033 [debug] [MainThread]: Using snowflake connection "debug"
[0m19:21:47.279033 [debug] [MainThread]: On debug: select 1 as id
[0m19:21:47.294845 [debug] [MainThread]: Opening a new connection, currently in state init
[0m19:21:53.848915 [debug] [MainThread]: SQL status: SUCCESS 1 in 6.561 seconds
[0m19:21:53.857077 [info ] [MainThread]:   Connection test: [[32mOK connection ok[0m]

[0m19:21:53.857077 [info ] [MainThread]: [31m1 check failed:[0m
[0m19:21:53.857077 [info ] [MainThread]: Project loading failed for the following reason:
Runtime Error
  at path []: Additional properties are not allowed ('models-paths' was unexpected)

Error encountered in C:\Users\LENOVO\OneDrive\Desktop\AWS_Projects\zillow-data-pipeline\dbt_project.yml


[0m19:21:53.861379 [debug] [MainThread]: Command `dbt debug` failed at 19:21:53.861379 after 14.69 seconds
[0m19:21:53.861379 [debug] [MainThread]: Connection 'debug' was left open.
[0m19:21:53.861379 [debug] [MainThread]: On debug: Close
[0m19:21:54.071776 [debug] [MainThread]: Sending event: {'category': 'dbt', 'action': 'invocation', 'label': 'end', 'context': [<snowplow_tracker.self_describing_json.SelfDescribingJson object at 0x0000027A2FF5CC70>, <snowplow_tracker.self_describing_json.SelfDescribingJson object at 0x0000027A43337E80>, <snowplow_tracker.self_describing_json.SelfDescribingJson object at 0x0000027A431B2EC0>]}
[0m19:21:54.071776 [debug] [MainThread]: Flushing usage events
[0m19:21:55.094109 [debug] [MainThread]: An error was encountered while trying to flush usage events
[0m19:24:35.558208 [debug] [MainThread]: Sending event: {'category': 'dbt', 'action': 'invocation', 'label': 'start', 'context': [<snowplow_tracker.self_describing_json.SelfDescribingJson object at 0x000002AFE4688C10>, <snowplow_tracker.self_describing_json.SelfDescribingJson object at 0x000002AFE69091E0>, <snowplow_tracker.self_describing_json.SelfDescribingJson object at 0x000002AFE6909000>]}


============================== 19:24:35.569721 | 7442bbc4-7b6b-46c3-91ee-ce6aa4093af5 ==============================
[0m19:24:35.569721 [info ] [MainThread]: Running with dbt=1.10.11
[0m19:24:35.569721 [debug] [MainThread]: running dbt with arguments {'partial_parse': 'True', 'warn_error_options': 'WarnErrorOptionsV2(error=[], warn=[], silence=[])', 'send_anonymous_usage_stats': 'True', 'warn_error': 'None', 'cache_selected_only': 'False', 'target_path': 'None', 'use_colors': 'True', 'invocation_command': 'dbt debug', 'log_format': 'default', 'version_check': 'True', 'introspect': 'True', 'debug': 'False', 'log_cache_events': 'False', 'fail_fast': 'False', 'no_print': 'None', 'quiet': 'False', 'use_experimental_parser': 'False', 'empty': 'None', 'printer_width': '80', 'indirect_selection': 'eager', 'log_path': 'C:\\Users\\LENOVO\\OneDrive\\Desktop\\AWS_Projects\\zillow-data-pipeline\\logs', 'write_json': 'True', 'static_parser': 'True', 'profiles_dir': 'C:\\Users\\LENOVO\\.dbt'}
[0m19:24:35.611792 [info ] [MainThread]: dbt version: 1.10.11
[0m19:24:35.611792 [info ] [MainThread]: python version: 3.10.0
[0m19:24:35.611792 [info ] [MainThread]: python path: C:\Users\LENOVO\AppData\Local\Programs\Python\Python310\python.exe
[0m19:24:35.611792 [info ] [MainThread]: os info: Windows-10-10.0.26100-SP0
[0m19:24:37.058109 [info ] [MainThread]: Using profiles dir at C:\Users\LENOVO\.dbt
[0m19:24:37.058109 [info ] [MainThread]: Using profiles.yml file at C:\Users\LENOVO\.dbt\profiles.yml
[0m19:24:37.058109 [info ] [MainThread]: Using dbt_project.yml file at C:\Users\LENOVO\OneDrive\Desktop\AWS_Projects\zillow-data-pipeline\dbt_project.yml
[0m19:24:37.058109 [info ] [MainThread]: adapter type: snowflake
[0m19:24:37.058109 [info ] [MainThread]: adapter version: 1.10.2
[0m19:24:37.178822 [info ] [MainThread]: Configuration:
[0m19:24:37.179832 [info ] [MainThread]:   profiles.yml file [[32mOK found and valid[0m]
[0m19:24:37.179832 [info ] [MainThread]:   dbt_project.yml file [[31mERROR invalid[0m]
[0m19:24:37.181360 [info ] [MainThread]: Required dependencies:
[0m19:24:37.181360 [debug] [MainThread]: Executing "git --help"
[0m19:24:37.253203 [debug] [MainThread]: STDOUT: "b"usage: git [-v | --version] [-h | --help] [-C <path>] [-c <name>=<value>]\n           [--exec-path[=<path>]] [--html-path] [--man-path] [--info-path]\n           [-p | --paginate | -P | --no-pager] [--no-replace-objects] [--no-lazy-fetch]\n           [--no-optional-locks] [--no-advice] [--bare] [--git-dir=<path>]\n           [--work-tree=<path>] [--namespace=<name>] [--config-env=<name>=<envvar>]\n           <command> [<args>]\n\nThese are common Git commands used in various situations:\n\nstart a working area (see also: git help tutorial)\n   clone      Clone a repository into a new directory\n   init       Create an empty Git repository or reinitialize an existing one\n\nwork on the current change (see also: git help everyday)\n   add        Add file contents to the index\n   mv         Move or rename a file, a directory, or a symlink\n   restore    Restore working tree files\n   rm         Remove files from the working tree and from the index\n\nexamine the history and state (see also: git help revisions)\n   bisect     Use binary search to find the commit that introduced a bug\n   diff       Show changes between commits, commit and working tree, etc\n   grep       Print lines matching a pattern\n   log        Show commit logs\n   show       Show various types of objects\n   status     Show the working tree status\n\ngrow, mark and tweak your common history\n   backfill   Download missing objects in a partial clone\n   branch     List, create, or delete branches\n   commit     Record changes to the repository\n   merge      Join two or more development histories together\n   rebase     Reapply commits on top of another base tip\n   reset      Reset current HEAD to the specified state\n   switch     Switch branches\n   tag        Create, list, delete or verify a tag object signed with GPG\n\ncollaborate (see also: git help workflows)\n   fetch      Download objects and refs from another repository\n   pull       Fetch from and integrate with another repository or a local branch\n   push       Update remote refs along with associated objects\n\n'git help -a' and 'git help -g' list available subcommands and some\nconcept guides. See 'git help <command>' or 'git help <concept>'\nto read about a specific subcommand or concept.\nSee 'git help git' for an overview of the system.\n""
[0m19:24:37.253203 [debug] [MainThread]: STDERR: "b''"
[0m19:24:37.258202 [info ] [MainThread]:  - git [[32mOK found[0m]

[0m19:24:37.258202 [info ] [MainThread]: Connection:
[0m19:24:37.258202 [info ] [MainThread]:   account: ZXEPCNH-CJ03437
[0m19:24:37.258202 [info ] [MainThread]:   user: NAMRATAJ
[0m19:24:37.258202 [info ] [MainThread]:   database: ZILLOW_DATA
[0m19:24:37.258202 [info ] [MainThread]:   warehouse: COMPUTE_WH
[0m19:24:37.258202 [info ] [MainThread]:   role: ACCOUNTADMIN
[0m19:24:37.258202 [info ] [MainThread]:   schema: CURATED
[0m19:24:37.258202 [info ] [MainThread]:   authenticator: None
[0m19:24:37.258202 [info ] [MainThread]:   oauth_client_id: None
[0m19:24:37.266992 [info ] [MainThread]:   query_tag: None
[0m19:24:37.266992 [info ] [MainThread]:   client_session_keep_alive: False
[0m19:24:37.266992 [info ] [MainThread]:   host: None
[0m19:24:37.266992 [info ] [MainThread]:   port: None
[0m19:24:37.266992 [info ] [MainThread]:   proxy_host: None
[0m19:24:37.266992 [info ] [MainThread]:   proxy_port: None
[0m19:24:37.266992 [info ] [MainThread]:   protocol: None
[0m19:24:37.266992 [info ] [MainThread]:   connect_retries: 1
[0m19:24:37.273809 [info ] [MainThread]:   connect_timeout: None
[0m19:24:37.273809 [info ] [MainThread]:   retry_on_database_errors: False
[0m19:24:37.275479 [info ] [MainThread]:   retry_all: False
[0m19:24:37.275479 [info ] [MainThread]:   insecure_mode: False
[0m19:24:37.276758 [info ] [MainThread]:   reuse_connections: True
[0m19:24:37.277929 [info ] [MainThread]:   s3_stage_vpce_dns_name: None
[0m19:24:37.277929 [info ] [MainThread]: Registered adapter: snowflake=1.10.2
[0m19:24:38.155930 [debug] [MainThread]: Acquiring new snowflake connection 'debug'
[0m19:24:38.403040 [debug] [MainThread]: Using snowflake connection "debug"
[0m19:24:38.405050 [debug] [MainThread]: On debug: select 1 as id
[0m19:24:38.405050 [debug] [MainThread]: Opening a new connection, currently in state init
[0m19:24:42.208613 [debug] [MainThread]: SQL status: SUCCESS 1 in 3.803 seconds
[0m19:24:42.211329 [info ] [MainThread]:   Connection test: [[32mOK connection ok[0m]

[0m19:24:42.211329 [info ] [MainThread]: [31m1 check failed:[0m
[0m19:24:42.213130 [info ] [MainThread]: Project loading failed for the following reason:
Runtime Error
  at path []: Additional properties are not allowed ('models-paths' was unexpected)

Error encountered in C:\Users\LENOVO\OneDrive\Desktop\AWS_Projects\zillow-data-pipeline\dbt_project.yml


[0m19:24:42.215899 [debug] [MainThread]: Command `dbt debug` failed at 19:24:42.215899 after 6.79 seconds
[0m19:24:42.215899 [debug] [MainThread]: Connection 'debug' was left open.
[0m19:24:42.217449 [debug] [MainThread]: On debug: Close
[0m19:24:42.440890 [debug] [MainThread]: Sending event: {'category': 'dbt', 'action': 'invocation', 'label': 'end', 'context': [<snowplow_tracker.self_describing_json.SelfDescribingJson object at 0x000002AFE4688C10>, <snowplow_tracker.self_describing_json.SelfDescribingJson object at 0x000002AFF7A537C0>, <snowplow_tracker.self_describing_json.SelfDescribingJson object at 0x000002AFF7A52E00>]}
[0m19:24:42.440890 [debug] [MainThread]: Flushing usage events
[0m19:24:43.423737 [debug] [MainThread]: An error was encountered while trying to flush usage events
[0m19:27:02.608290 [debug] [MainThread]: Sending event: {'category': 'dbt', 'action': 'invocation', 'label': 'start', 'context': [<snowplow_tracker.self_describing_json.SelfDescribingJson object at 0x00000206F7F48CD0>, <snowplow_tracker.self_describing_json.SelfDescribingJson object at 0x00000206FA1CD3C0>, <snowplow_tracker.self_describing_json.SelfDescribingJson object at 0x00000206FA1CD1E0>]}


============================== 19:27:02.608290 | 013a49a9-8ae4-4ac8-b7d3-01ba1062c8b0 ==============================
[0m19:27:02.608290 [info ] [MainThread]: Running with dbt=1.10.11
[0m19:27:02.608290 [debug] [MainThread]: running dbt with arguments {'partial_parse': 'True', 'warn_error_options': 'WarnErrorOptionsV2(error=[], warn=[], silence=[])', 'send_anonymous_usage_stats': 'True', 'version_check': 'True', 'cache_selected_only': 'False', 'target_path': 'None', 'warn_error': 'None', 'invocation_command': 'dbt debug', 'log_format': 'default', 'use_colors': 'True', 'introspect': 'True', 'debug': 'False', 'printer_width': '80', 'fail_fast': 'False', 'no_print': 'None', 'quiet': 'False', 'use_experimental_parser': 'False', 'empty': 'None', 'log_cache_events': 'False', 'indirect_selection': 'eager', 'log_path': 'C:\\Users\\LENOVO\\OneDrive\\Desktop\\AWS_Projects\\zillow-data-pipeline\\logs', 'profiles_dir': 'C:\\Users\\LENOVO\\.dbt', 'static_parser': 'True', 'write_json': 'True'}
[0m19:27:02.655245 [info ] [MainThread]: dbt version: 1.10.11
[0m19:27:02.655245 [info ] [MainThread]: python version: 3.10.0
[0m19:27:02.655245 [info ] [MainThread]: python path: C:\Users\LENOVO\AppData\Local\Programs\Python\Python310\python.exe
[0m19:27:02.661426 [info ] [MainThread]: os info: Windows-10-10.0.26100-SP0
[0m19:27:04.122276 [info ] [MainThread]: Using profiles dir at C:\Users\LENOVO\.dbt
[0m19:27:04.130039 [info ] [MainThread]: Using profiles.yml file at C:\Users\LENOVO\.dbt\profiles.yml
[0m19:27:04.130039 [info ] [MainThread]: Using dbt_project.yml file at C:\Users\LENOVO\OneDrive\Desktop\AWS_Projects\zillow-data-pipeline\dbt_project.yml
[0m19:27:04.130039 [info ] [MainThread]: adapter type: snowflake
[0m19:27:04.130039 [info ] [MainThread]: adapter version: 1.10.2
[0m19:27:04.307022 [info ] [MainThread]: Configuration:
[0m19:27:04.307022 [info ] [MainThread]:   profiles.yml file [[32mOK found and valid[0m]
[0m19:27:04.307022 [info ] [MainThread]:   dbt_project.yml file [[32mOK found and valid[0m]
[0m19:27:04.307022 [info ] [MainThread]: Required dependencies:
[0m19:27:04.307022 [debug] [MainThread]: Executing "git --help"
[0m19:27:04.385684 [debug] [MainThread]: STDOUT: "b"usage: git [-v | --version] [-h | --help] [-C <path>] [-c <name>=<value>]\n           [--exec-path[=<path>]] [--html-path] [--man-path] [--info-path]\n           [-p | --paginate | -P | --no-pager] [--no-replace-objects] [--no-lazy-fetch]\n           [--no-optional-locks] [--no-advice] [--bare] [--git-dir=<path>]\n           [--work-tree=<path>] [--namespace=<name>] [--config-env=<name>=<envvar>]\n           <command> [<args>]\n\nThese are common Git commands used in various situations:\n\nstart a working area (see also: git help tutorial)\n   clone      Clone a repository into a new directory\n   init       Create an empty Git repository or reinitialize an existing one\n\nwork on the current change (see also: git help everyday)\n   add        Add file contents to the index\n   mv         Move or rename a file, a directory, or a symlink\n   restore    Restore working tree files\n   rm         Remove files from the working tree and from the index\n\nexamine the history and state (see also: git help revisions)\n   bisect     Use binary search to find the commit that introduced a bug\n   diff       Show changes between commits, commit and working tree, etc\n   grep       Print lines matching a pattern\n   log        Show commit logs\n   show       Show various types of objects\n   status     Show the working tree status\n\ngrow, mark and tweak your common history\n   backfill   Download missing objects in a partial clone\n   branch     List, create, or delete branches\n   commit     Record changes to the repository\n   merge      Join two or more development histories together\n   rebase     Reapply commits on top of another base tip\n   reset      Reset current HEAD to the specified state\n   switch     Switch branches\n   tag        Create, list, delete or verify a tag object signed with GPG\n\ncollaborate (see also: git help workflows)\n   fetch      Download objects and refs from another repository\n   pull       Fetch from and integrate with another repository or a local branch\n   push       Update remote refs along with associated objects\n\n'git help -a' and 'git help -g' list available subcommands and some\nconcept guides. See 'git help <command>' or 'git help <concept>'\nto read about a specific subcommand or concept.\nSee 'git help git' for an overview of the system.\n""
[0m19:27:04.385684 [debug] [MainThread]: STDERR: "b''"
[0m19:27:04.385684 [info ] [MainThread]:  - git [[32mOK found[0m]

[0m19:27:04.385684 [info ] [MainThread]: Connection:
[0m19:27:04.385684 [info ] [MainThread]:   account: ZXEPCNH-CJ03437
[0m19:27:04.385684 [info ] [MainThread]:   user: NAMRATAJ
[0m19:27:04.385684 [info ] [MainThread]:   database: ZILLOW_DATA
[0m19:27:04.385684 [info ] [MainThread]:   warehouse: COMPUTE_WH
[0m19:27:04.385684 [info ] [MainThread]:   role: ACCOUNTADMIN
[0m19:27:04.385684 [info ] [MainThread]:   schema: CURATED
[0m19:27:04.385684 [info ] [MainThread]:   authenticator: None
[0m19:27:04.385684 [info ] [MainThread]:   oauth_client_id: None
[0m19:27:04.395543 [info ] [MainThread]:   query_tag: None
[0m19:27:04.395543 [info ] [MainThread]:   client_session_keep_alive: False
[0m19:27:04.395543 [info ] [MainThread]:   host: None
[0m19:27:04.395543 [info ] [MainThread]:   port: None
[0m19:27:04.395543 [info ] [MainThread]:   proxy_host: None
[0m19:27:04.395543 [info ] [MainThread]:   proxy_port: None
[0m19:27:04.395543 [info ] [MainThread]:   protocol: None
[0m19:27:04.400157 [info ] [MainThread]:   connect_retries: 1
[0m19:27:04.401225 [info ] [MainThread]:   connect_timeout: None
[0m19:27:04.401225 [info ] [MainThread]:   retry_on_database_errors: False
[0m19:27:04.401225 [info ] [MainThread]:   retry_all: False
[0m19:27:04.403775 [info ] [MainThread]:   insecure_mode: False
[0m19:27:04.403775 [info ] [MainThread]:   reuse_connections: True
[0m19:27:04.403775 [info ] [MainThread]:   s3_stage_vpce_dns_name: None
[0m19:27:04.406313 [info ] [MainThread]: Registered adapter: snowflake=1.10.2
[0m19:27:05.227255 [debug] [MainThread]: Acquiring new snowflake connection 'debug'
[0m19:27:05.452468 [debug] [MainThread]: Using snowflake connection "debug"
[0m19:27:05.452468 [debug] [MainThread]: On debug: select 1 as id
[0m19:27:05.452468 [debug] [MainThread]: Opening a new connection, currently in state init
[0m19:27:09.430265 [debug] [MainThread]: SQL status: SUCCESS 1 in 3.971 seconds
[0m19:27:09.430265 [info ] [MainThread]:   Connection test: [[32mOK connection ok[0m]

[0m19:27:09.430265 [info ] [MainThread]: [32mAll checks passed![0m
[0m19:27:09.430265 [debug] [MainThread]: Command `dbt debug` succeeded at 19:27:09.430265 after 6.98 seconds
[0m19:27:09.430265 [debug] [MainThread]: Connection 'debug' was left open.
[0m19:27:09.430265 [debug] [MainThread]: On debug: Close
[0m19:27:09.647955 [debug] [MainThread]: Sending event: {'category': 'dbt', 'action': 'invocation', 'label': 'end', 'context': [<snowplow_tracker.self_describing_json.SelfDescribingJson object at 0x00000206F7F48CD0>, <snowplow_tracker.self_describing_json.SelfDescribingJson object at 0x000002068B1E9DB0>, <snowplow_tracker.self_describing_json.SelfDescribingJson object at 0x000002068B1E9AE0>]}
[0m19:27:09.647955 [debug] [MainThread]: Flushing usage events
[0m19:27:10.641049 [debug] [MainThread]: An error was encountered while trying to flush usage events
[0m19:41:14.853659 [debug] [MainThread]: Sending event: {'category': 'dbt', 'action': 'invocation', 'label': 'start', 'context': [<snowplow_tracker.self_describing_json.SelfDescribingJson object at 0x0000022F64138CA0>, <snowplow_tracker.self_describing_json.SelfDescribingJson object at 0x0000022F663C1360>, <snowplow_tracker.self_describing_json.SelfDescribingJson object at 0x0000022F663C1180>]}


============================== 19:41:14.861209 | 97442a35-fc63-496e-bec5-c5cf48cefe0b ==============================
[0m19:41:14.861209 [info ] [MainThread]: Running with dbt=1.10.11
[0m19:41:14.861209 [debug] [MainThread]: running dbt with arguments {'partial_parse': 'True', 'warn_error_options': 'WarnErrorOptionsV2(error=[], warn=[], silence=[])', 'send_anonymous_usage_stats': 'True', 'warn_error': 'None', 'cache_selected_only': 'False', 'target_path': 'None', 'use_colors': 'True', 'invocation_command': 'dbt run', 'log_format': 'default', 'version_check': 'True', 'introspect': 'True', 'debug': 'False', 'printer_width': '80', 'fail_fast': 'False', 'no_print': 'None', 'empty': 'False', 'quiet': 'False', 'log_cache_events': 'False', 'use_experimental_parser': 'False', 'log_path': 'C:\\Users\\LENOVO\\OneDrive\\Desktop\\AWS_Projects\\zillow-data-pipeline\\logs', 'indirect_selection': 'eager', 'write_json': 'True', 'static_parser': 'True', 'profiles_dir': 'C:\\Users\\LENOVO\\.dbt'}
[0m19:41:16.495418 [error] [MainThread]: Encountered an error:
Runtime Error
  at path ['sources']: [{'name': 'curated', 'tables': [{'name': 'zillow_listings'}]}] is not of type 'object'

Error encountered in C:\Users\LENOVO\OneDrive\Desktop\AWS_Projects\zillow-data-pipeline\dbt_project.yml
[0m19:41:16.495418 [debug] [MainThread]: Command `dbt run` failed at 19:41:16.495418 after 1.80 seconds
[0m19:41:16.502831 [debug] [MainThread]: Sending event: {'category': 'dbt', 'action': 'invocation', 'label': 'end', 'context': [<snowplow_tracker.self_describing_json.SelfDescribingJson object at 0x0000022F64138CA0>, <snowplow_tracker.self_describing_json.SelfDescribingJson object at 0x0000022F66379270>, <snowplow_tracker.self_describing_json.SelfDescribingJson object at 0x0000022F76D7F190>]}
[0m19:41:16.503839 [debug] [MainThread]: Flushing usage events
[0m19:41:17.618218 [debug] [MainThread]: An error was encountered while trying to flush usage events
[0m19:44:13.245757 [debug] [MainThread]: Sending event: {'category': 'dbt', 'action': 'invocation', 'label': 'start', 'context': [<snowplow_tracker.self_describing_json.SelfDescribingJson object at 0x000001D52C8F8CD0>, <snowplow_tracker.self_describing_json.SelfDescribingJson object at 0x000001D52EB814E0>, <snowplow_tracker.self_describing_json.SelfDescribingJson object at 0x000001D52EB81300>]}


============================== 19:44:13.253009 | 9552d9cd-1662-4d2e-9c10-b36c2d3e9df4 ==============================
[0m19:44:13.253009 [info ] [MainThread]: Running with dbt=1.10.11
[0m19:44:13.255777 [debug] [MainThread]: running dbt with arguments {'partial_parse': 'True', 'profiles_dir': 'C:\\Users\\LENOVO\\.dbt', 'send_anonymous_usage_stats': 'True', 'version_check': 'True', 'cache_selected_only': 'False', 'target_path': 'None', 'use_colors': 'True', 'invocation_command': 'dbt run', 'log_format': 'default', 'warn_error': 'None', 'introspect': 'True', 'debug': 'False', 'log_cache_events': 'False', 'fail_fast': 'False', 'no_print': 'None', 'use_experimental_parser': 'False', 'quiet': 'False', 'printer_width': '80', 'empty': 'False', 'indirect_selection': 'eager', 'log_path': 'C:\\Users\\LENOVO\\OneDrive\\Desktop\\AWS_Projects\\zillow-data-pipeline\\logs', 'write_json': 'True', 'warn_error_options': 'WarnErrorOptionsV2(error=[], warn=[], silence=[])', 'static_parser': 'True'}
[0m19:44:14.796381 [error] [MainThread]: Encountered an error:
Runtime Error
  at path ['sources']: [{'name': 'curated', 'tables': [{'name': 'zillow_listings'}]}] is not of type 'object'

Error encountered in C:\Users\LENOVO\OneDrive\Desktop\AWS_Projects\zillow-data-pipeline\dbt_project.yml
[0m19:44:14.812300 [debug] [MainThread]: Command `dbt run` failed at 19:44:14.812300 after 1.71 seconds
[0m19:44:14.812300 [debug] [MainThread]: Sending event: {'category': 'dbt', 'action': 'invocation', 'label': 'end', 'context': [<snowplow_tracker.self_describing_json.SelfDescribingJson object at 0x000001D52C8F8CD0>, <snowplow_tracker.self_describing_json.SelfDescribingJson object at 0x000001D52E9AEC80>, <snowplow_tracker.self_describing_json.SelfDescribingJson object at 0x000001D53F4FB4F0>]}
[0m19:44:14.812300 [debug] [MainThread]: Flushing usage events
[0m19:44:15.922868 [debug] [MainThread]: An error was encountered while trying to flush usage events
[0m19:47:20.999536 [debug] [MainThread]: Sending event: {'category': 'dbt', 'action': 'invocation', 'label': 'start', 'context': [<snowplow_tracker.self_describing_json.SelfDescribingJson object at 0x000001F53A358CD0>, <snowplow_tracker.self_describing_json.SelfDescribingJson object at 0x000001F53C5DD3C0>, <snowplow_tracker.self_describing_json.SelfDescribingJson object at 0x000001F53C5DD1E0>]}


============================== 19:47:21.007582 | ac650a21-ae49-430d-bf1c-aa6407db7d1d ==============================
[0m19:47:21.007582 [info ] [MainThread]: Running with dbt=1.10.11
[0m19:47:21.021162 [debug] [MainThread]: running dbt with arguments {'partial_parse': 'True', 'write_json': 'True', 'send_anonymous_usage_stats': 'True', 'warn_error': 'None', 'cache_selected_only': 'False', 'target_path': 'None', 'version_check': 'True', 'invocation_command': 'dbt clean', 'log_format': 'default', 'use_colors': 'True', 'introspect': 'True', 'debug': 'False', 'log_cache_events': 'False', 'fail_fast': 'False', 'no_print': 'None', 'quiet': 'False', 'use_experimental_parser': 'False', 'empty': 'None', 'printer_width': '80', 'indirect_selection': 'eager', 'log_path': 'C:\\Users\\LENOVO\\OneDrive\\Desktop\\AWS_Projects\\zillow-data-pipeline\\logs', 'profiles_dir': 'C:\\Users\\LENOVO\\.dbt', 'static_parser': 'True', 'warn_error_options': 'WarnErrorOptionsV2(error=[], warn=[], silence=[])'}
[0m19:47:21.137359 [error] [MainThread]: Encountered an error:
Runtime Error
  at path ['sources']: [{'name': 'curated', 'tables': [{'name': 'zillow_listings'}]}] is not of type 'object'

Error encountered in C:\Users\LENOVO\OneDrive\Desktop\AWS_Projects\zillow-data-pipeline\dbt_project.yml
[0m19:47:21.137359 [debug] [MainThread]: Command `dbt clean` failed at 19:47:21.137359 after 0.31 seconds
[0m19:47:21.137359 [debug] [MainThread]: Sending event: {'category': 'dbt', 'action': 'invocation', 'label': 'end', 'context': [<snowplow_tracker.self_describing_json.SelfDescribingJson object at 0x000001F53A358CD0>, <snowplow_tracker.self_describing_json.SelfDescribingJson object at 0x000001F53BD15690>, <snowplow_tracker.self_describing_json.SelfDescribingJson object at 0x000001F53C52D660>]}
[0m19:47:21.137359 [debug] [MainThread]: Flushing usage events
[0m19:47:22.240143 [debug] [MainThread]: An error was encountered while trying to flush usage events
[0m19:47:34.829548 [debug] [MainThread]: Sending event: {'category': 'dbt', 'action': 'invocation', 'label': 'start', 'context': [<snowplow_tracker.self_describing_json.SelfDescribingJson object at 0x000001C470B3CBE0>, <snowplow_tracker.self_describing_json.SelfDescribingJson object at 0x000001C472DBD180>, <snowplow_tracker.self_describing_json.SelfDescribingJson object at 0x000001C472DBCFA0>]}


============================== 19:47:34.829548 | ef904a7f-091a-4599-94d1-d25548070210 ==============================
[0m19:47:34.829548 [info ] [MainThread]: Running with dbt=1.10.11
[0m19:47:34.829548 [debug] [MainThread]: running dbt with arguments {'partial_parse': 'True', 'static_parser': 'True', 'send_anonymous_usage_stats': 'True', 'version_check': 'True', 'cache_selected_only': 'False', 'target_path': 'None', 'warn_error': 'None', 'invocation_command': 'dbt clean', 'log_format': 'default', 'use_colors': 'True', 'introspect': 'True', 'debug': 'False', 'log_cache_events': 'False', 'fail_fast': 'False', 'no_print': 'None', 'empty': 'None', 'quiet': 'False', 'use_experimental_parser': 'False', 'printer_width': '80', 'log_path': 'C:\\Users\\LENOVO\\OneDrive\\Desktop\\AWS_Projects\\zillow-data-pipeline\\logs', 'indirect_selection': 'eager', 'write_json': 'True', 'warn_error_options': 'WarnErrorOptionsV2(error=[], warn=[], silence=[])', 'profiles_dir': 'C:\\Users\\LENOVO\\.dbt'}
[0m19:47:34.948109 [error] [MainThread]: Encountered an error:
Runtime Error
  at path ['sources']: [{'name': 'curated', 'tables': [{'name': 'zillow_listings'}]}] is not of type 'object'

Error encountered in C:\Users\LENOVO\OneDrive\Desktop\AWS_Projects\zillow-data-pipeline\dbt_project.yml
[0m19:47:34.948109 [debug] [MainThread]: Command `dbt clean` failed at 19:47:34.948109 after 0.26 seconds
[0m19:47:34.953885 [debug] [MainThread]: Sending event: {'category': 'dbt', 'action': 'invocation', 'label': 'end', 'context': [<snowplow_tracker.self_describing_json.SelfDescribingJson object at 0x000001C470B3CBE0>, <snowplow_tracker.self_describing_json.SelfDescribingJson object at 0x000001C472526F50>, <snowplow_tracker.self_describing_json.SelfDescribingJson object at 0x000001C4725267A0>]}
[0m19:47:34.953885 [debug] [MainThread]: Flushing usage events
[0m19:47:35.942764 [debug] [MainThread]: An error was encountered while trying to flush usage events
[0m19:47:50.854850 [debug] [MainThread]: Sending event: {'category': 'dbt', 'action': 'invocation', 'label': 'start', 'context': [<snowplow_tracker.self_describing_json.SelfDescribingJson object at 0x00000271ECB5CBB0>, <snowplow_tracker.self_describing_json.SelfDescribingJson object at 0x00000271EEDE83A0>, <snowplow_tracker.self_describing_json.SelfDescribingJson object at 0x00000271EEDE81C0>]}


============================== 19:47:50.862628 | 5adeddac-0fae-41ab-84df-f26321c6c616 ==============================
[0m19:47:50.862628 [info ] [MainThread]: Running with dbt=1.10.11
[0m19:47:50.862628 [debug] [MainThread]: running dbt with arguments {'partial_parse': 'True', 'write_json': 'True', 'send_anonymous_usage_stats': 'True', 'warn_error': 'None', 'cache_selected_only': 'False', 'target_path': 'None', 'use_colors': 'True', 'invocation_command': 'dbt deps', 'log_format': 'default', 'version_check': 'True', 'introspect': 'True', 'debug': 'False', 'printer_width': '80', 'fail_fast': 'False', 'no_print': 'None', 'use_experimental_parser': 'False', 'empty': 'None', 'quiet': 'False', 'log_cache_events': 'False', 'indirect_selection': 'eager', 'log_path': 'C:\\Users\\LENOVO\\OneDrive\\Desktop\\AWS_Projects\\zillow-data-pipeline\\logs', 'profiles_dir': 'C:\\Users\\LENOVO\\.dbt', 'static_parser': 'True', 'warn_error_options': 'WarnErrorOptionsV2(error=[], warn=[], silence=[])'}
[0m19:47:50.967833 [error] [MainThread]: Encountered an error:
Runtime Error
  at path ['sources']: [{'name': 'curated', 'tables': [{'name': 'zillow_listings'}]}] is not of type 'object'

Error encountered in C:\Users\LENOVO\OneDrive\Desktop\AWS_Projects\zillow-data-pipeline\dbt_project.yml
[0m19:47:50.975338 [debug] [MainThread]: Command `dbt deps` failed at 19:47:50.975338 after 0.26 seconds
[0m19:47:50.975338 [debug] [MainThread]: Sending event: {'category': 'dbt', 'action': 'invocation', 'label': 'end', 'context': [<snowplow_tracker.self_describing_json.SelfDescribingJson object at 0x00000271ECB5CBB0>, <snowplow_tracker.self_describing_json.SelfDescribingJson object at 0x00000271EEC1CF70>, <snowplow_tracker.self_describing_json.SelfDescribingJson object at 0x00000271EE514850>]}
[0m19:47:50.975338 [debug] [MainThread]: Flushing usage events
[0m19:47:53.139377 [debug] [MainThread]: An error was encountered while trying to flush usage events
[0m19:48:01.078380 [debug] [MainThread]: Sending event: {'category': 'dbt', 'action': 'invocation', 'label': 'start', 'context': [<snowplow_tracker.self_describing_json.SelfDescribingJson object at 0x000001DA1A80CCA0>, <snowplow_tracker.self_describing_json.SelfDescribingJson object at 0x000001DA1CA91360>, <snowplow_tracker.self_describing_json.SelfDescribingJson object at 0x000001DA1CA91180>]}


============================== 19:48:01.086680 | 14dc43d8-1c3e-4d8f-996f-801959ff36a4 ==============================
[0m19:48:01.086680 [info ] [MainThread]: Running with dbt=1.10.11
[0m19:48:01.086680 [debug] [MainThread]: running dbt with arguments {'partial_parse': 'True', 'warn_error_options': 'WarnErrorOptionsV2(error=[], warn=[], silence=[])', 'send_anonymous_usage_stats': 'True', 'use_colors': 'True', 'cache_selected_only': 'False', 'target_path': 'None', 'version_check': 'True', 'invocation_command': 'dbt run', 'log_format': 'default', 'warn_error': 'None', 'introspect': 'True', 'debug': 'False', 'printer_width': '80', 'fail_fast': 'False', 'no_print': 'None', 'empty': 'False', 'use_experimental_parser': 'False', 'quiet': 'False', 'log_cache_events': 'False', 'indirect_selection': 'eager', 'log_path': 'C:\\Users\\LENOVO\\OneDrive\\Desktop\\AWS_Projects\\zillow-data-pipeline\\logs', 'profiles_dir': 'C:\\Users\\LENOVO\\.dbt', 'static_parser': 'True', 'write_json': 'True'}
[0m19:48:02.556842 [error] [MainThread]: Encountered an error:
Runtime Error
  at path ['sources']: [{'name': 'curated', 'tables': [{'name': 'zillow_listings'}]}] is not of type 'object'

Error encountered in C:\Users\LENOVO\OneDrive\Desktop\AWS_Projects\zillow-data-pipeline\dbt_project.yml
[0m19:48:02.556842 [debug] [MainThread]: Command `dbt run` failed at 19:48:02.556842 after 1.61 seconds
[0m19:48:02.556842 [debug] [MainThread]: Sending event: {'category': 'dbt', 'action': 'invocation', 'label': 'end', 'context': [<snowplow_tracker.self_describing_json.SelfDescribingJson object at 0x000001DA1A80CCA0>, <snowplow_tracker.self_describing_json.SelfDescribingJson object at 0x000001DA1CA4D270>, <snowplow_tracker.self_describing_json.SelfDescribingJson object at 0x000001DA2D44F190>]}
[0m19:48:02.556842 [debug] [MainThread]: Flushing usage events
[0m19:48:03.650216 [debug] [MainThread]: An error was encountered while trying to flush usage events
[0m19:54:42.370616 [debug] [MainThread]: Sending event: {'category': 'dbt', 'action': 'invocation', 'label': 'start', 'context': [<snowplow_tracker.self_describing_json.SelfDescribingJson object at 0x00000227F672CC10>, <snowplow_tracker.self_describing_json.SelfDescribingJson object at 0x00000227F89A91E0>, <snowplow_tracker.self_describing_json.SelfDescribingJson object at 0x00000227F89A9000>]}


============================== 19:54:42.370616 | 6175e894-eda2-4f2c-9656-d488554982a4 ==============================
[0m19:54:42.370616 [info ] [MainThread]: Running with dbt=1.10.11
[0m19:54:42.386747 [debug] [MainThread]: running dbt with arguments {'partial_parse': 'True', 'write_json': 'True', 'send_anonymous_usage_stats': 'True', 'warn_error': 'None', 'cache_selected_only': 'False', 'target_path': 'None', 'use_colors': 'True', 'invocation_command': 'dbt clean', 'log_format': 'default', 'version_check': 'True', 'introspect': 'True', 'debug': 'False', 'log_cache_events': 'False', 'fail_fast': 'False', 'no_print': 'None', 'use_experimental_parser': 'False', 'quiet': 'False', 'empty': 'None', 'printer_width': '80', 'indirect_selection': 'eager', 'log_path': 'C:\\Users\\LENOVO\\OneDrive\\Desktop\\AWS_Projects\\zillow-data-pipeline\\logs', 'profiles_dir': 'C:\\Users\\LENOVO\\.dbt', 'static_parser': 'True', 'warn_error_options': 'WarnErrorOptionsV2(error=[], warn=[], silence=[])'}
[0m19:54:42.875086 [debug] [MainThread]: Sending event: {'category': 'dbt', 'action': 'project_id', 'label': '6175e894-eda2-4f2c-9656-d488554982a4', 'context': [<snowplow_tracker.self_describing_json.SelfDescribingJson object at 0x00000227F89A92A0>]}
[0m19:54:42.921760 [warn ] [MainThread]: [[33mWARNING[0m]: Deprecated functionality
        The default package install path has changed from `dbt_modules` to
`dbt_packages`.         Please update `clean-targets` in `dbt_project.yml` and
check `.gitignore` as well.         Or, set `packages-install-path: dbt_modules`
if you'd like to keep the current value.
[0m19:54:42.921760 [debug] [MainThread]: Sending event: {'category': 'dbt', 'action': 'deprecation', 'label': '6175e894-eda2-4f2c-9656-d488554982a4', 'property_': 'warn', 'context': [<snowplow_tracker.self_describing_json.SelfDescribingJson object at 0x00000227F8B78700>]}
[0m19:54:42.921760 [warn ] [MainThread]: [[33mWARNING[0m][DeprecationsSummary]: Deprecated functionality
Summary of encountered deprecations:
- PackageInstallPathDeprecation: 1 occurrence
To see all deprecation instances instead of just the first occurrence of each,
run command again with the `--show-all-deprecations` flag. You may also need to
run with `--no-partial-parse` as some deprecations are only encountered during
parsing.
[0m19:54:42.921760 [debug] [MainThread]: Command `dbt clean` succeeded at 19:54:42.921760 after 0.69 seconds
[0m19:54:42.921760 [debug] [MainThread]: Sending event: {'category': 'dbt', 'action': 'invocation', 'label': 'end', 'context': [<snowplow_tracker.self_describing_json.SelfDescribingJson object at 0x00000227F672CC10>, <snowplow_tracker.self_describing_json.SelfDescribingJson object at 0x00000227F89A92A0>, <snowplow_tracker.self_describing_json.SelfDescribingJson object at 0x00000227F8AAF010>]}
[0m19:54:42.935804 [debug] [MainThread]: Flushing usage events
[0m19:54:44.082972 [debug] [MainThread]: An error was encountered while trying to flush usage events
[0m19:54:57.165941 [debug] [MainThread]: Sending event: {'category': 'dbt', 'action': 'invocation', 'label': 'start', 'context': [<snowplow_tracker.self_describing_json.SelfDescribingJson object at 0x000001DC0C598CA0>, <snowplow_tracker.self_describing_json.SelfDescribingJson object at 0x000001DC0E819240>, <snowplow_tracker.self_describing_json.SelfDescribingJson object at 0x000001DC0E819060>]}


============================== 19:54:57.177368 | 082c8b51-0dd7-4cf2-ac08-66a4cb154f6f ==============================
[0m19:54:57.177368 [info ] [MainThread]: Running with dbt=1.10.11
[0m19:54:57.177368 [debug] [MainThread]: running dbt with arguments {'partial_parse': 'True', 'warn_error_options': 'WarnErrorOptionsV2(error=[], warn=[], silence=[])', 'send_anonymous_usage_stats': 'True', 'warn_error': 'None', 'cache_selected_only': 'False', 'target_path': 'None', 'use_colors': 'True', 'invocation_command': 'dbt deps', 'log_format': 'default', 'version_check': 'True', 'introspect': 'True', 'debug': 'False', 'log_cache_events': 'False', 'fail_fast': 'False', 'no_print': 'None', 'empty': 'None', 'use_experimental_parser': 'False', 'quiet': 'False', 'printer_width': '80', 'log_path': 'C:\\Users\\LENOVO\\OneDrive\\Desktop\\AWS_Projects\\zillow-data-pipeline\\logs', 'indirect_selection': 'eager', 'profiles_dir': 'C:\\Users\\LENOVO\\.dbt', 'static_parser': 'True', 'write_json': 'True'}
[0m19:54:57.434382 [debug] [MainThread]: Sending event: {'category': 'dbt', 'action': 'project_id', 'label': '082c8b51-0dd7-4cf2-ac08-66a4cb154f6f', 'context': [<snowplow_tracker.self_describing_json.SelfDescribingJson object at 0x000001DC0E8134C0>]}
[0m19:54:57.530379 [info ] [MainThread]: Warning: No packages were found in packages.yml
[0m19:54:57.530379 [info ] [MainThread]: Warning: No packages were found in packages.yml
[0m19:54:57.530379 [debug] [MainThread]: Command `dbt deps` succeeded at 19:54:57.530379 after 0.50 seconds
[0m19:54:57.530379 [debug] [MainThread]: Sending event: {'category': 'dbt', 'action': 'invocation', 'label': 'end', 'context': [<snowplow_tracker.self_describing_json.SelfDescribingJson object at 0x000001DC0C598CA0>, <snowplow_tracker.self_describing_json.SelfDescribingJson object at 0x000001DC0E8134C0>, <snowplow_tracker.self_describing_json.SelfDescribingJson object at 0x000001DC0E810A90>]}
[0m19:54:57.530379 [debug] [MainThread]: Flushing usage events
[0m19:54:58.576299 [debug] [MainThread]: An error was encountered while trying to flush usage events
[0m19:55:06.555829 [debug] [MainThread]: Sending event: {'category': 'dbt', 'action': 'invocation', 'label': 'start', 'context': [<snowplow_tracker.self_describing_json.SelfDescribingJson object at 0x000002B1ABBDCC70>, <snowplow_tracker.self_describing_json.SelfDescribingJson object at 0x000002B1ADE61360>, <snowplow_tracker.self_describing_json.SelfDescribingJson object at 0x000002B1ADE61180>]}


============================== 19:55:06.555829 | cb5a3db4-0abe-4216-9a53-492127408134 ==============================
[0m19:55:06.555829 [info ] [MainThread]: Running with dbt=1.10.11
[0m19:55:06.571768 [debug] [MainThread]: running dbt with arguments {'partial_parse': 'True', 'warn_error_options': 'WarnErrorOptionsV2(error=[], warn=[], silence=[])', 'send_anonymous_usage_stats': 'True', 'warn_error': 'None', 'cache_selected_only': 'False', 'target_path': 'None', 'use_colors': 'True', 'invocation_command': 'dbt run', 'log_format': 'default', 'version_check': 'True', 'introspect': 'True', 'debug': 'False', 'printer_width': '80', 'fail_fast': 'False', 'no_print': 'None', 'use_experimental_parser': 'False', 'log_cache_events': 'False', 'quiet': 'False', 'empty': 'False', 'indirect_selection': 'eager', 'log_path': 'C:\\Users\\LENOVO\\OneDrive\\Desktop\\AWS_Projects\\zillow-data-pipeline\\logs', 'profiles_dir': 'C:\\Users\\LENOVO\\.dbt', 'static_parser': 'True', 'write_json': 'True'}
[0m19:55:08.302198 [debug] [MainThread]: Sending event: {'category': 'dbt', 'action': 'project_id', 'label': 'cb5a3db4-0abe-4216-9a53-492127408134', 'context': [<snowplow_tracker.self_describing_json.SelfDescribingJson object at 0x000002B1ADDFC8E0>]}
[0m19:55:08.555774 [debug] [MainThread]: Sending event: {'category': 'dbt', 'action': 'adapter_info', 'label': 'cb5a3db4-0abe-4216-9a53-492127408134', 'context': [<snowplow_tracker.self_describing_json.SelfDescribingJson object at 0x000002B1A9EA2AD0>]}
[0m19:55:08.561406 [info ] [MainThread]: Registered adapter: snowflake=1.10.2
[0m19:55:09.504457 [debug] [MainThread]: checksum: 5335e1629744fab92fa7809c625edbb36f0d7063a879d6215c971798f27e66f9, vars: {}, profile: , target: , version: 1.10.11
[0m19:55:09.504457 [info ] [MainThread]: Unable to do partial parsing because saved manifest not found. Starting full parse.
[0m19:55:09.504457 [debug] [MainThread]: Sending event: {'category': 'dbt', 'action': 'partial_parser', 'label': 'cb5a3db4-0abe-4216-9a53-492127408134', 'context': [<snowplow_tracker.self_describing_json.SelfDescribingJson object at 0x000002B1AD56AA10>]}
[0m19:55:14.480073 [debug] [MainThread]: Sending event: {'category': 'dbt', 'action': 'load_project', 'label': 'cb5a3db4-0abe-4216-9a53-492127408134', 'context': [<snowplow_tracker.self_describing_json.SelfDescribingJson object at 0x000002B1BF0C81C0>]}
[0m19:55:14.617770 [debug] [MainThread]: Wrote artifact WritableManifest to C:\Users\LENOVO\OneDrive\Desktop\AWS_Projects\zillow-data-pipeline\target\manifest.json
[0m19:55:14.681150 [debug] [MainThread]: Wrote artifact SemanticManifest to C:\Users\LENOVO\OneDrive\Desktop\AWS_Projects\zillow-data-pipeline\target\semantic_manifest.json
[0m19:55:14.745442 [debug] [MainThread]: Sending event: {'category': 'dbt', 'action': 'resource_counts', 'label': 'cb5a3db4-0abe-4216-9a53-492127408134', 'context': [<snowplow_tracker.self_describing_json.SelfDescribingJson object at 0x000002B1BF111150>]}
[0m19:55:14.745442 [info ] [MainThread]: Found 1 model, 1 source, 479 macros
[0m19:55:14.745442 [debug] [MainThread]: Sending event: {'category': 'dbt', 'action': 'runnable_timing', 'label': 'cb5a3db4-0abe-4216-9a53-492127408134', 'context': [<snowplow_tracker.self_describing_json.SelfDescribingJson object at 0x000002B1BF03E4A0>]}
[0m19:55:14.751084 [info ] [MainThread]: 
[0m19:55:14.751084 [info ] [MainThread]: Concurrency: 4 threads (target='dev')
[0m19:55:14.753097 [info ] [MainThread]: 
[0m19:55:14.755231 [debug] [MainThread]: Acquiring new snowflake connection 'master'
[0m19:55:14.756863 [debug] [ThreadPool]: Acquiring new snowflake connection 'list_ZILLOW_DATA'
[0m19:55:14.934589 [debug] [ThreadPool]: Using snowflake connection "list_ZILLOW_DATA"
[0m19:55:14.934589 [debug] [ThreadPool]: On list_ZILLOW_DATA: show terse schemas in database ZILLOW_DATA
    limit 10000
/* {"app": "dbt", "dbt_version": "1.10.11", "profile_name": "zillow_dbt", "target_name": "dev", "connection_name": "list_ZILLOW_DATA"} */
[0m19:55:14.936598 [debug] [ThreadPool]: Opening a new connection, currently in state init
[0m19:55:19.057447 [debug] [ThreadPool]: SQL status: SUCCESS 4 in 4.131 seconds
[0m19:55:19.057447 [debug] [ThreadPool]: Acquiring new snowflake connection 'list_ZILLOW_DATA_CURATED'
[0m19:55:19.089450 [debug] [ThreadPool]: Using snowflake connection "list_ZILLOW_DATA_CURATED"
[0m19:55:19.089450 [debug] [ThreadPool]: On list_ZILLOW_DATA_CURATED: show objects in ZILLOW_DATA.CURATED
    limit 10000
    

/* {"app": "dbt", "dbt_version": "1.10.11", "profile_name": "zillow_dbt", "target_name": "dev", "connection_name": "list_ZILLOW_DATA_CURATED"} */;
[0m19:55:19.089450 [debug] [ThreadPool]: Opening a new connection, currently in state init
[0m19:55:22.519182 [debug] [ThreadPool]: SQL status: SUCCESS 1 in 3.428 seconds
[0m19:55:22.552782 [debug] [MainThread]: Sending event: {'category': 'dbt', 'action': 'runnable_timing', 'label': 'cb5a3db4-0abe-4216-9a53-492127408134', 'context': [<snowplow_tracker.self_describing_json.SelfDescribingJson object at 0x000002B1BED6D000>]}
[0m19:55:22.564590 [debug] [Thread-1 (]: Began running node model.zillow_data_pipeline.stg_zillow_listings
[0m19:55:22.566602 [info ] [Thread-1 (]: 1 of 1 START sql view model CURATED.stg_zillow_listings ........................ [RUN]
[0m19:55:22.566602 [debug] [Thread-1 (]: Acquiring new snowflake connection 'model.zillow_data_pipeline.stg_zillow_listings'
[0m19:55:22.566602 [debug] [Thread-1 (]: Began compiling node model.zillow_data_pipeline.stg_zillow_listings
[0m19:55:22.589038 [debug] [Thread-1 (]: Writing injected SQL for node "model.zillow_data_pipeline.stg_zillow_listings"
[0m19:55:22.594729 [debug] [Thread-1 (]: Began executing node model.zillow_data_pipeline.stg_zillow_listings
[0m19:55:22.672877 [debug] [Thread-1 (]: Writing runtime sql for node "model.zillow_data_pipeline.stg_zillow_listings"
[0m19:55:22.687540 [debug] [Thread-1 (]: Using snowflake connection "model.zillow_data_pipeline.stg_zillow_listings"
[0m19:55:22.687540 [debug] [Thread-1 (]: On model.zillow_data_pipeline.stg_zillow_listings: create or replace   view ZILLOW_DATA.CURATED.stg_zillow_listings
  
  
  
  
  as (
    select
    value:address::string as address,
    value:property_city::string as city,
    value:property_state::string as state,
    value:price::float as price,
    value:bedrooms::int as bedrooms,
    value:bathrooms::float as bathrooms,
    value:area_sqft::int as area_sqft,
    value:zestimate::float as zestimate,
    value:zipcode::string as zipcode,
    value:home_type::string as home_type
from ZILLOW_DATA.CURATED.zillow_listings
  )
/* {"app": "dbt", "dbt_version": "1.10.11", "profile_name": "zillow_dbt", "target_name": "dev", "node_id": "model.zillow_data_pipeline.stg_zillow_listings"} */;
[0m19:55:22.689555 [debug] [Thread-1 (]: Opening a new connection, currently in state init
[0m19:55:26.134706 [debug] [Thread-1 (]: SQL status: SUCCESS 1 in 3.445 seconds
[0m19:55:26.177413 [debug] [Thread-1 (]: Sending event: {'category': 'dbt', 'action': 'run_model', 'label': 'cb5a3db4-0abe-4216-9a53-492127408134', 'context': [<snowplow_tracker.self_describing_json.SelfDescribingJson object at 0x000002B1AA0AF3D0>]}
[0m19:55:26.203801 [info ] [Thread-1 (]: 1 of 1 OK created sql view model CURATED.stg_zillow_listings ................... [[32mSUCCESS 1[0m in 3.61s]
[0m19:55:26.203801 [debug] [Thread-1 (]: Finished running node model.zillow_data_pipeline.stg_zillow_listings
[0m19:55:26.203801 [debug] [MainThread]: Connection 'master' was properly closed.
[0m19:55:26.203801 [debug] [MainThread]: Connection 'list_ZILLOW_DATA' was left open.
[0m19:55:26.203801 [debug] [MainThread]: On list_ZILLOW_DATA: Close
[0m19:55:26.399186 [debug] [MainThread]: Connection 'list_ZILLOW_DATA_CURATED' was left open.
[0m19:55:26.414990 [debug] [MainThread]: On list_ZILLOW_DATA_CURATED: Close
[0m19:55:26.614144 [debug] [MainThread]: Connection 'model.zillow_data_pipeline.stg_zillow_listings' was left open.
[0m19:55:26.614144 [debug] [MainThread]: On model.zillow_data_pipeline.stg_zillow_listings: Close
[0m19:55:26.841246 [info ] [MainThread]: 
[0m19:55:26.841246 [info ] [MainThread]: Finished running 1 view model in 0 hours 0 minutes and 12.09 seconds (12.09s).
[0m19:55:26.841246 [debug] [MainThread]: Command end result
[0m19:55:26.900893 [debug] [MainThread]: Wrote artifact WritableManifest to C:\Users\LENOVO\OneDrive\Desktop\AWS_Projects\zillow-data-pipeline\target\manifest.json
[0m19:55:26.913656 [debug] [MainThread]: Wrote artifact SemanticManifest to C:\Users\LENOVO\OneDrive\Desktop\AWS_Projects\zillow-data-pipeline\target\semantic_manifest.json
[0m19:55:26.930847 [debug] [MainThread]: Wrote artifact RunExecutionResult to C:\Users\LENOVO\OneDrive\Desktop\AWS_Projects\zillow-data-pipeline\target\run_results.json
[0m19:55:26.930847 [info ] [MainThread]: 
[0m19:55:26.933983 [info ] [MainThread]: [32mCompleted successfully[0m
[0m19:55:26.933983 [info ] [MainThread]: 
[0m19:55:26.935996 [info ] [MainThread]: Done. PASS=1 WARN=0 ERROR=0 SKIP=0 NO-OP=0 TOTAL=1
[0m19:55:26.939112 [debug] [MainThread]: Command `dbt run` succeeded at 19:55:26.939112 after 20.52 seconds
[0m19:55:26.941124 [debug] [MainThread]: Sending event: {'category': 'dbt', 'action': 'invocation', 'label': 'end', 'context': [<snowplow_tracker.self_describing_json.SelfDescribingJson object at 0x000002B1ABBDCC70>, <snowplow_tracker.self_describing_json.SelfDescribingJson object at 0x000002B1BF0CA590>, <snowplow_tracker.self_describing_json.SelfDescribingJson object at 0x000002B1ABEAB700>]}
[0m19:55:26.941124 [debug] [MainThread]: Flushing usage events
[0m19:55:28.014496 [debug] [MainThread]: An error was encountered while trying to flush usage events
